{
  "version": "1.5.0",
  "plugins_used": [
    {
      "name": "ArtifactoryDetector"
    },
    {
      "name": "AWSKeyDetector"
    },
    {
      "name": "AzureStorageKeyDetector"
    },
    {
      "name": "Base64HighEntropyString",
      "limit": 4.5
    },
    {
      "name": "BasicAuthDetector"
    },
    {
      "name": "CloudantDetector"
    },
    {
      "name": "DiscordBotTokenDetector"
    },
    {
      "name": "GitHubTokenDetector"
    },
    {
      "name": "GitLabTokenDetector"
    },
    {
      "name": "HexHighEntropyString",
      "limit": 3.0
    },
    {
      "name": "IbmCloudIamDetector"
    },
    {
      "name": "IbmCosHmacDetector"
    },
    {
      "name": "IPPublicDetector"
    },
    {
      "name": "JwtTokenDetector"
    },
    {
      "name": "KeywordDetector",
      "keyword_exclude": ""
    },
    {
      "name": "MailchimpDetector"
    },
    {
      "name": "NpmDetector"
    },
    {
      "name": "OpenAIDetector"
    },
    {
      "name": "PrivateKeyDetector"
    },
    {
      "name": "PypiTokenDetector"
    },
    {
      "name": "SendGridDetector"
    },
    {
      "name": "SlackDetector"
    },
    {
      "name": "SoftlayerDetector"
    },
    {
      "name": "SquareOAuthDetector"
    },
    {
      "name": "StripeDetector"
    },
    {
      "name": "TelegramBotTokenDetector"
    },
    {
      "name": "TwilioKeyDetector"
    }
  ],
  "filters_used": [
    {
      "path": "detect_secrets.filters.allowlist.is_line_allowlisted"
    },
    {
      "path": "detect_secrets.filters.common.is_baseline_file",
      "filename": ".secrets.baseline"
    },
    {
      "path": "detect_secrets.filters.common.is_ignored_due_to_verification_policies",
      "min_level": 2
    },
    {
      "path": "detect_secrets.filters.heuristic.is_indirect_reference"
    },
    {
      "path": "detect_secrets.filters.heuristic.is_likely_id_string"
    },
    {
      "path": "detect_secrets.filters.heuristic.is_lock_file"
    },
    {
      "path": "detect_secrets.filters.heuristic.is_not_alphanumeric_string"
    },
    {
      "path": "detect_secrets.filters.heuristic.is_potential_uuid"
    },
    {
      "path": "detect_secrets.filters.heuristic.is_prefixed_with_dollar_sign"
    },
    {
      "path": "detect_secrets.filters.heuristic.is_sequential_string"
    },
    {
      "path": "detect_secrets.filters.heuristic.is_swagger_file"
    },
    {
      "path": "detect_secrets.filters.heuristic.is_templated_secret"
    },
    {
      "path": "detect_secrets.filters.regex.should_exclude_file",
      "pattern": [
        "package-lock\\.json|web/(package-lock\\.json|pnpm-lock\\.yaml)|\\.secrets\\.baseline",
        "^catalogo/"
      ]
    },
    {
      "path": "detect_secrets.filters.regex.should_exclude_line",
      "pattern": [
        "^(down_)?revision[^=]*=|^INSERT INTO alembic_version|secretsState\\s*[!=]==\\s*\"(loading|ready|error)\""
      ]
    }
  ],
  "results": {
    ".github/workflows/ci.yml": [
      {
        "type": "Base64 High Entropy String",
        "filename": ".github/workflows/ci.yml",
        "hashed_secret": "f33971a105f4c5cfaf794e3cccbce410ea616f41",
        "is_verified": false,
        "line_number": 137
      },
      {
        "type": "Secret Keyword",
        "filename": ".github/workflows/ci.yml",
        "hashed_secret": "f33971a105f4c5cfaf794e3cccbce410ea616f41",
        "is_verified": false,
        "line_number": 137
      },
      {
        "type": "Secret Keyword",
        "filename": ".github/workflows/ci.yml",
        "hashed_secret": "7a475ceb8439531f774f4598ea4edceb6a8c34b5",
        "is_verified": false,
        "line_number": 140
      }
    ],
    "desktop/python-runtime.json": [
      {
        "type": "Hex High Entropy String",
        "filename": "desktop/python-runtime.json",
        "hashed_secret": "4524c6a00c7e2c50fbb5ea860c697582dc164939",
        "is_verified": false,
        "line_number": 19
      }
    ],
    "docs/reference.md": [
      {
        "type": "Basic Auth Credentials",
        "filename": "docs/reference.md",
        "hashed_secret": "9d4e1e23bd5b727046a9e3b4b7db57bd8d6ee684",
        "is_verified": false,
        "line_number": 32
      }
    ],
    "tests/conftest.py": [
      {
        "type": "Base64 High Entropy String",
        "filename": "tests/conftest.py",
        "hashed_secret": "d351b9d0f59997668435d0f03d1d0b74d3773642",
        "is_verified": false,
        "line_number": 13
      }
    ],
    "tests/unit/test_storage.py": [
      {
        "type": "Secret Keyword",
        "filename": "tests/unit/test_storage.py",
        "hashed_secret": "da944ba0e0984f05a9bd924db56f8b610335c3b7",
        "is_verified": false,
        "line_number": 10
      }
    ],
    "tests/unit/test_workflow_service.py": [
      {
        "type": "Basic Auth Credentials",
        "filename": "tests/unit/test_workflow_service.py",
        "hashed_secret": "9d4e1e23bd5b727046a9e3b4b7db57bd8d6ee684",
        "is_verified": false,
        "line_number": 690
      }
    ]
  },
  "generated_at": "2026-10-03T22:06:10Z"
}
